PS C:\Users\faire\TEST\git_challenge> git init
Initialized empty Git repository in C:/Users/faire/TEST/git_challenge/.git/
PS C:\Users\faire\TEST\git_challenge> git add hello_world.txt
PS C:\Users\faire\TEST\git_challenge> git commit -m "最初のコミット"
[main (root-commit) 5bc4ac3] 最初のコミット
 1 file changed, 1 insertion(+)
 create mode 100644 hello_world.txt
PS C:\Users\faire\TEST\git_challenge> git add hello_world.txt
PS C:\Users\faire\TEST\git_challenge> git commit -m "日本語訳を追記"
[main 54d5996] 日本語訳を追記
 1 file changed, 2 insertions(+), 1 deletion(-)
PS C:\Users\faire\TEST\git_challenge> git log --oneline
54d5996 (HEAD -> main) 日本語訳を追記
5bc4ac3 最初のコミット
PS C:\Users\faire\TEST\git_challenge>